Loading graph from tmp/data/pain_enriched ...
nodes=9940 edges=41207 components=1 giant=9940 isolated=0
columns: id=id layer=layer_c type=type_a features=GO_Biological_Process_2025_a,Reactome_Pathways_2024_a entity=gene focus=is_seed_c score=rwr_in_layer_n source=source target=target edge_type=edge_type_c edge_type_from=layer_c
layers (layer_c, bottom->top, inferred: node count descending, ties by first appearance, pass --layer-order to change, reordered by --layer-order-strategy entity): Ab-LTMR.CCKAR=401, Ab-LTMR.LGI2=402, Ab-LTMR.NSG2=396, Ab-LTMR.ETV1=327, A-Propr.HAPLN4=400, A-PEP.NTRK3_S100A16=419, A-PEP.SCGN_ADRA2C=369, A-PEP.CHRNA7_SLC18A3=433, ATF3=414, A-Propr.PCDH8=432, A-Propr.EPHA3=443, C-PEP.TAC1_CHRNA3=514, C-PEP.TAC1_CACNG5=515, C-LTMR.CDH9=393, C-Thermo.TRPM8=514, C-PEP.ADORA2B=565, A-PEP.KIT=499, A-LTMR.TAC3=546, C-Thermo.RXFP1=538, C-NP.SST=562, C-NP.MRGPRX1_MRGPRX4=468, C-NP.MRGPRX1_GFRA2=390
entities (gene): 4203 distinct, 2464 occur in >=2 nodes (8201 nodes), max 13 copies
edge types (layer_c endpoint pair): 253 distinct: C-NP.SST--C-NP.SST=2432, C-PEP.ADORA2B--C-PEP.ADORA2B=2220, C-Thermo.RXFP1--C-Thermo.RXFP1=2218, A-LTMR.TAC3--A-LTMR.TAC3=2087, A-PEP.KIT--A-PEP.KIT=2080, A-PEP.CHRNA7_SLC18A3--A-PEP.CHRNA7_SLC18A3=1992, C-PEP.TAC1_CACNG5--C-PEP.TAC1_CACNG5=1962, ATF3--ATF3=1931, ... 245 more
gpu: on (NVIDIA GeForce RTX 5090; cuGraph 25.10.01, cuML 25.10.00); cpu workers: 16 (not bit-reproducible)
Run folder: tmp/runs/run_20261008-201032
seeded tmp/runs/run_20261008-201032/nodes.tsv from tmp/data/pain_enriched/nodes.tsv
copied tmp/data/pain_enriched/edges.tsv -> tmp/runs/run_20261008-201032/edges.tsv
-> tiles_stack_free_1 (Per-layer tiles: stack tiles, alignment free) ...
   done in 20.5s
-> tiles_grid_free_1 (Per-layer tiles: grid tiles, alignment free) ...
   done in 2.4s
-> tiles_pages_free_1 (Per-layer tiles: pages tiles, alignment free) ...
   done in 2.5s
-> tiles_sphere_free_1 (Per-layer tiles: sphere tiles, alignment free) ...
   done in 2.7s
-> tiles_hemi_free_1 (Per-layer tiles: hemi tiles, alignment free) ...
   done in 1.5s
-> tiles_helix_free_1 (Per-layer tiles: helix tiles, alignment free) ...
   done in 2.7s
-> tiles_meta_free_1 (Per-layer tiles: meta tiles, alignment free) ...
   done in 2.8s
-> tiles_stack_half_1 (Per-layer tiles: stack tiles, alignment half) ...
   done in 2.4s
-> tiles_stack_aligned_1 (Per-layer tiles: stack tiles, alignment aligned) ...
   done in 2.1s
-> tiles_sphere_free_rim_1 (Per-layer tiles: sphere tiles, alignment free, rim placement) ...
   done in 2.5s
-> tiles_hemi_free_rim_1 (Per-layer tiles: hemi tiles, alignment free, rim placement) ...
   done in 2.8s
-> tiles_cyl3_free_1 (Per-layer tiles: cyl3 tiles, alignment free) ...
   done in 2.4s
-> tiles_sphere_free_curved_1 (Per-layer tiles: sphere tiles, alignment free, curved onto the surface) ...
   done in 2.5s
-> tiles_hemi_free_curved_1 (Per-layer tiles: hemi tiles, alignment free, curved onto the surface) ...
   done in 3.0s
-> tiles_ring_free_curved_1 (Per-layer tiles: ring tiles, alignment free, curved onto the surface) ...
   done in 2.4s
-> tiles_cyl2_free_curved_1 (Per-layer tiles: cyl2 tiles, alignment free, curved onto the surface) ...
   done in 2.2s
-> tiles_cyl3_free_curved_1 (Per-layer tiles: cyl3 tiles, alignment free, curved onto the surface) ...
   done in 2.2s
-> tiles_sphere_aligned_curved_1 (Per-layer tiles: sphere tiles, alignment aligned, curved onto the surface) ...
   done in 0.8s
-> tiles_hemi_free_sradial_1 (Per-layer tiles: hemi tiles, alignment free, score radial) ...
   done in 2.7s
-> tiles_cyl2_free_sradial_curved_1 (Per-layer tiles: cyl2 tiles, alignment free, curved onto the surface, score radial) ...
   done in 2.5s
-> tiles_hemi_free_slift_1 (Per-layer tiles: hemi tiles, alignment free, score lift) ...
   done in 3.2s
-> tiles_star_free_1 (Per-layer tiles: star tiles, alignment free) ...
   done in 3.0s
-> tiles_grid_free_gib_1 (Per-layer tiles: grid tiles, alignment free, engine gib) ...
   done in 17.2s
-> tiles_hemi_free_gib_1 (Per-layer tiles: hemi tiles, alignment free, engine gib) ...
   done in 2.7s
-> tiles_star_free_gib_1 (Per-layer tiles: star tiles, alignment free, engine gib) ...
   done in 1.1s
-> supra_w0p1_1 (Supra-Laplacian spectral, copy coupling omega=0.1, reducer umap) ...
[2026-10-08 20:12:06.575] [CUML] [info] build_algo set to brute_force_knn because random_state is given
   done in 3.9s
-> supra_w1_1 (Supra-Laplacian spectral, copy coupling omega=1, reducer umap) ...
[2026-10-08 20:12:10.581] [CUML] [info] build_algo set to brute_force_knn because random_state is given
   done in 4.0s
-> supra_w10_1 (Supra-Laplacian spectral, copy coupling omega=10, reducer umap) ...
[2026-10-08 20:12:14.660] [CUML] [info] build_algo set to brute_force_knn because random_state is given
   done in 3.6s
-> columns_w1_1 (Community columns, omega=1, resolution=1) ...
   done in 10.6s
-> columns_w10_1 (Community columns, omega=10, resolution=1) ...
   done in 5.0s
-> backbone_e03_1 (Backbone layout, exponent 0.3, linlog FA2, z-stacked) ...
   done in 3.3s
-> backbone_e05_1 (Backbone layout, exponent 0.5, linlog FA2, z-stacked) ...
   done in 4.9s
-> feature_GO_Biological_Process_2025_a_landscape_1 (Feature landscape from GO_Biological_Process_2025_a) ...
[2026-10-08 20:12:42.714] [CUML] [info] build_algo set to brute_force_knn because random_state is given
   done in 4.4s
-> feature_GO_Biological_Process_2025_a_fa2_1 (Feature fa2 from GO_Biological_Process_2025_a) ...
   done in 3.3s
-> feature_Reactome_Pathways_2024_a_landscape_1 (Feature landscape from Reactome_Pathways_2024_a) ...
[2026-10-08 20:12:50.651] [CUML] [info] build_algo set to brute_force_knn because random_state is given
   done in 4.8s
-> feature_Reactome_Pathways_2024_a_fa2_1 (Feature fa2 from Reactome_Pathways_2024_a) ...
   done in 5.5s
-> feature_all_landscape_1 (Feature landscape from all) ...
[2026-10-08 20:13:00.945] [CUML] [info] build_algo set to brute_force_knn because random_state is given
   done in 4.6s
-> feature_all_fa2_1 (Feature fa2 from all) ...
   done in 2.6s
-> enrich_GO_Biological_Process_2025_a_magnets_1 (Enrichment magnets from GO_Biological_Process_2025_a) ...
   done in 4.7s
-> enrich_GO_Biological_Process_2025_a_shells_1 (Enrichment shells from GO_Biological_Process_2025_a) ...
   done in 3.7s
-> enrich_GO_Biological_Process_2025_a_termcols_1 (Enrichment termcols from GO_Biological_Process_2025_a) ...
   done in 14.1s
-> enrich_GO_Biological_Process_2025_a_funcstack_1 (Enrichment funcstack from GO_Biological_Process_2025_a) ...
[2026-10-08 20:13:33.574] [CUML] [info] build_algo set to brute_force_knn because random_state is given
   done in 6.9s
-> enrich_GO_Biological_Process_2025_a_blend25_1 (Enrichment blend25 from GO_Biological_Process_2025_a) ...
[2026-10-08 20:13:44.779] [CUML] [info] build_algo set to brute_force_knn because random_state is given
   done in 11.7s
-> enrich_GO_Biological_Process_2025_a_blend50_1 (Enrichment blend50 from GO_Biological_Process_2025_a) ...
[2026-10-08 20:13:48.711] [CUML] [info] build_algo set to brute_force_knn because random_state is given
   done in 3.8s
-> enrich_GO_Biological_Process_2025_a_blend75_1 (Enrichment blend75 from GO_Biological_Process_2025_a) ...
[2026-10-08 20:13:52.541] [CUML] [info] build_algo set to brute_force_knn because random_state is given
   done in 4.3s
-> enrich_GO_Biological_Process_2025_a_height_1 (Enrichment height from GO_Biological_Process_2025_a) ...
   done in 3.1s
-> enrich_GO_Biological_Process_2025_a_snf_1 (Enrichment snf from GO_Biological_Process_2025_a) ...
   done in 18.6s
-> enrich_GO_Biological_Process_2025_a_hyper_1 (Enrichment hyper from GO_Biological_Process_2025_a) ...
[2026-10-08 20:14:17.929] [CUML] [info] build_algo set to brute_force_knn because random_state is given
   done in 3.2s
-> enrich_GO_Biological_Process_2025_a_umapand_1 (Enrichment umapand from GO_Biological_Process_2025_a) ...
   done in 35.7s
-> enrich_Reactome_Pathways_2024_a_magnets_1 (Enrichment magnets from Reactome_Pathways_2024_a) ...
   done in 4.8s
-> enrich_Reactome_Pathways_2024_a_shells_1 (Enrichment shells from Reactome_Pathways_2024_a) ...
   done in 4.0s
-> enrich_Reactome_Pathways_2024_a_termcols_1 (Enrichment termcols from Reactome_Pathways_2024_a) ...
   done in 8.3s
-> enrich_Reactome_Pathways_2024_a_funcstack_1 (Enrichment funcstack from Reactome_Pathways_2024_a) ...
[2026-10-08 20:15:14.303] [CUML] [info] build_algo set to brute_force_knn because random_state is given
   done in 3.8s
-> enrich_Reactome_Pathways_2024_a_blend25_1 (Enrichment blend25 from Reactome_Pathways_2024_a) ...
[2026-10-08 20:15:18.136] [CUML] [info] build_algo set to brute_force_knn because random_state is given
   done in 3.8s
-> enrich_Reactome_Pathways_2024_a_blend50_1 (Enrichment blend50 from Reactome_Pathways_2024_a) ...
[2026-10-08 20:15:21.918] [CUML] [info] build_algo set to brute_force_knn because random_state is given
   done in 3.8s
-> enrich_Reactome_Pathways_2024_a_blend75_1 (Enrichment blend75 from Reactome_Pathways_2024_a) ...
[2026-10-08 20:15:26.017] [CUML] [info] build_algo set to brute_force_knn because random_state is given
   done in 5.5s
-> enrich_Reactome_Pathways_2024_a_height_1 (Enrichment height from Reactome_Pathways_2024_a) ...
   done in 3.5s
-> enrich_Reactome_Pathways_2024_a_snf_1 (Enrichment snf from Reactome_Pathways_2024_a) ...
   done in 17.7s
-> enrich_Reactome_Pathways_2024_a_hyper_1 (Enrichment hyper from Reactome_Pathways_2024_a) ...
[2026-10-08 20:15:52.064] [CUML] [info] build_algo set to brute_force_knn because random_state is given
   done in 4.5s
-> enrich_Reactome_Pathways_2024_a_umapand_1 (Enrichment umapand from Reactome_Pathways_2024_a) ...
   done in 35.1s
-> enrich_all_magnets_1 (Enrichment magnets from all) ...
   done in 6.6s
-> enrich_all_shells_1 (Enrichment shells from all) ...
   done in 3.8s
-> enrich_all_termcols_1 (Enrichment termcols from all) ...
   done in 8.7s
-> enrich_all_funcstack_1 (Enrichment funcstack from all) ...
[2026-10-08 20:16:51.496] [CUML] [info] build_algo set to brute_force_knn because random_state is given
   done in 4.5s
-> enrich_all_blend25_1 (Enrichment blend25 from all) ...
[2026-10-08 20:16:56.400] [CUML] [info] build_algo set to brute_force_knn because random_state is given
   done in 4.9s
-> enrich_all_blend50_1 (Enrichment blend50 from all) ...
[2026-10-08 20:17:00.736] [CUML] [info] build_algo set to brute_force_knn because random_state is given
   done in 4.3s
-> enrich_all_blend75_1 (Enrichment blend75 from all) ...
[2026-10-08 20:17:05.206] [CUML] [info] build_algo set to brute_force_knn because random_state is given
   done in 7.3s
-> enrich_all_height_1 (Enrichment height from all) ...
   done in 2.9s
-> enrich_all_snf_1 (Enrichment snf from all) ...
   done in 22.1s
-> enrich_all_hyper_1 (Enrichment hyper from all) ...
[2026-10-08 20:17:36.863] [CUML] [info] build_algo set to brute_force_knn because random_state is given
   done in 4.2s
-> enrich_all_umapand_1 (Enrichment umapand from all) ...
   done in 27.8s
-> graphdr_tsne_1 (Graph-direct t-SNE (walk, exaggeration 1, spectral init)) ...
   done in 13.7s
-> graphdr_tsne_x4_1 (Graph-direct t-SNE (walk, exaggeration 4, spectral init)) ...
   done in 12.5s
-> graphdr_tsne_hop3_1 (Graph-direct t-SNE (hop3, exaggeration 1, spectral init)) ...
   done in 18.0s
-> n2vred_trimap_bal_1 (node2vec (bal) + trimap (3D)) ...
   done in 10.0s
-> n2vred_hnne_bal_1 (node2vec (bal) + hnne (3D)) ...
   done in 3.4s
-> n2vred_localmap_bal_1 (node2vec (bal) + localmap (3D)) ...
Warning: random state is set to 42.
Note: `n_components != 2` have not been thoroughly tested.
   done in 8.7s
-> focus_shell_1 (Focus shell: shells by hop distance to the nearest focus node (base tsne)) ...
   done in 4.7s
-> focus_geo_1 (Focus geo: radius = 1 - score rank (high scores in the core) (base tsne)) ...
   done in 3.6s
-> focus_geobands_1 (Focus geobands: one latitude band per layer, depth = 1 - score rank within the layer (base tsne)) ...
   done in 4.1s
-> focus_fisheye_1 (Focus fisheye: Sarkar-Brown fisheye magnification around the focus (base tsne)) ...
   done in 4.0s
-> focus_hyp_1 (Focus hyp: Poincare ball recentred on the focus (Moebius translation) (base tsne)) ...
   done in 2.5s
-> focus_core_1 (Focus core: focus module at full scale in the centre, the rest on an outer shell (base tsne)) ...
   done in 3.5s
-> focus_tree_1 (Focus tree: shortest-path forest from the focus, directions pulled toward the parent (base tsne)) ...
   done in 3.7s
-> engine_tfdp_free_1 (GPU engine: tfdp, free) ...
   done in 24.0s
-> engine_tfdp_shells_1 (GPU engine: tfdp, shells) ...
   done in 23.7s
-> engine_stress_free_1 (GPU engine: stress, free) ...
   done in 18.2s
-> engine_tfdp_sphere_1 (GPU engine: tfdp, sphere) ...
   done in 22.3s
-> joint_suprarwr_1 (Joint embedding suprarwr (umap), omega 1) ...
[2026-10-08 20:21:19.134] [CUML] [info] build_algo set to brute_force_knn because random_state is given
   done in 92.4s
-> joint_suprarwr_w10_1 (Joint embedding suprarwr (umap), omega 10) ...
[2026-10-08 20:22:52.383] [CUML] [info] build_algo set to brute_force_knn because random_state is given
   done in 14.8s
-> alignedumap_r001_1 (AlignedUMAP stack (regularisation 0.001)) ...
   done in 27.7s
-> alignedumap_r1_1 (AlignedUMAP stack (regularisation 0.1)) ...
   done in 21.2s
-> geom_terrain_1 (Geometry: terrain) ...
   done in 4.5s
-> geom_terraintiles_1 (Geometry: terraintiles) ...
   done in 3.6s
-> geom_hilbertlayer_1 (Geometry: hilbertlayer) ...
   done in 12.8s
-> geom_dome_1 (Geometry: dome) ...
   done in 4.1s
-> geom_domes_1 (Geometry: domes) ...
   done in 2.9s
-> geom_nested_1 (Geometry: nested) ...
   done in 7.2s
-> geom_nestedlayer_1 (Geometry: nestedlayer) ...
   done in 5.5s
-> geom_mapper_1 (Geometry: mapper) ...
   done in 7.2s
-> sumap_layer_1 (Supervised UMAP, target layer, weight 0.5) ...
[2026-10-08 20:24:32.800] [CUML] [info] build_algo set to brute_force_knn because random_state is given
   done in 4.7s
-> sumap_community_1 (Supervised UMAP, target community, weight 0.5) ...
[2026-10-08 20:24:37.775] [CUML] [info] build_algo set to brute_force_knn because random_state is given
   done in 4.9s
-> sumap_theme_1 (Supervised UMAP, target theme, weight 0.5) ...
   done in 8.6s
-> spokes_degree_1 (Spokes: degree rank along one axis per layer (cone, hubs out)) ...
   done in 3.8s
-> spokes_degree_needle_1 (Spokes: degree rank along one axis per layer (needle, hubs out)) ...
   done in 4.1s
-> spokes_score_1 (Spokes: score rank along one axis per layer (cone, hubs out)) ...
   done in 3.8s
-> fa2_1 (ForceAtlas2, shared xy, discrete z per layer) ...
   done in 4.8s
-> fa2_2 (ForceAtlas2, linlog+dissuade_hubs, z-stacked) ...
   done in 4.7s
-> fa2_3 (ForceAtlas2, cross-layer down-weighted, z-stacked) ...
   done in 4.0s
-> fa2sep_1 (ForceAtlas2 run independently per layer, z-stacked) ...
   done in 17.6s
-> topobet_1 (fa2_1 xy + z from betweenness centrality) ...
   done in 11.3s
-> n2vbal_1 (node2vec (p=1,q=1) + UMAP(3D)) ...
[2026-10-08 20:25:45.021] [CUML] [info] build_algo set to brute_force_knn because random_state is given
   done in 4.6s
-> n2vbfs_1 (node2vec (p=0.25,q=4, BFS-like) + UMAP(3D)) ...
[2026-10-08 20:25:57.954] [CUML] [info] build_algo set to brute_force_knn because random_state is given
   done in 12.8s
-> fa2spectral_1 (ForceAtlas2 seeded with a spectral embedding (fCoSE-style)) ...
   done in 6.0s
-> community_1 (Louvain community meta-layout + local sublayout) ...
   done in 8.8s
-> n2vbal_pacmap_1 (node2vec (p=1,q=1) + PaCMAP(3D)) ...
Warning: random state is set to 42.
Note: `n_components != 2` have not been thoroughly tested.
   done in 6.5s
-> n2vdfs_pacmap_1 (node2vec (p=4,q=0.25, DFS-like) + PaCMAP(3D)) ...
Warning: random state is set to 42.
Note: `n_components != 2` have not been thoroughly tested.
   done in 15.1s
-> rwr_1 (Random-walk-with-restart feature landscape (personalized PageRank + UMAP)) ...
[2026-10-08 20:26:46.483] [CUML] [info] build_algo set to brute_force_knn because random_state is given
   done in 15.3s
-> metapath_1 (Same-layer-continuity-biased random walks + Word2Vec + UMAP(3D)) ...
[2026-10-08 20:27:05.388] [CUML] [info] build_algo set to brute_force_knn because random_state is given
   done in 16.4s
-> domaintouch_1 (fa2_1 xy + z from # distinct layers touched by neighborhood) ...
   done in 5.7s
-> fa2rarity_1 (ForceAtlas2 with per-edge-type rarity weighting) ...
   done in 3.8s
-> n2vbal_tsne_1 (node2vec (p=1,q=1) + openTSNE(3D)) ...
   done in 35.6s

Output: tmp/runs/run_20261008-201032/nodes.tsv  (log: tmp/runs/run_20261008-201032/layout_run_log.txt)
Post-processing: metrics, ranking, renders, report.html ...
Report: tmp/runs/run_20261008-201032/report.html  (302 s)
All 122 layout(s) that ran completed successfully.
Loading graph from tmp/data/pain_enriched ...
nodes=9940 edges=41207 components=1 giant=9940 isolated=0
columns: id=id layer=layer_c type=type_a features=GO_Biological_Process_2025_a,Reactome_Pathways_2024_a entity=gene focus=is_seed_c score=rwr_in_layer_n source=source target=target edge_type=edge_type_c edge_type_from=layer_c
layers (layer_c, bottom->top, inferred: node count descending, ties by first appearance, pass --layer-order to change, reordered by --layer-order-strategy auto): C-Thermo.TRPM8=514, C-PEP.TAC1_CACNG5=515, C-PEP.TAC1_CHRNA3=514, C-NP.MRGPRX1_GFRA2=390, C-NP.MRGPRX1_MRGPRX4=468, C-PEP.ADORA2B=565, C-Thermo.RXFP1=538, C-NP.SST=562, C-LTMR.CDH9=393, A-PEP.KIT=499, A-LTMR.TAC3=546, ATF3=414, A-PEP.CHRNA7_SLC18A3=433, A-PEP.NTRK3_S100A16=419, A-Propr.EPHA3=443, A-Propr.PCDH8=432, A-Propr.HAPLN4=400, A-PEP.SCGN_ADRA2C=369, Ab-LTMR.CCKAR=401, Ab-LTMR.NSG2=396, Ab-LTMR.LGI2=402, Ab-LTMR.ETV1=327
entities (gene): 4203 distinct, 2464 occur in >=2 nodes (8201 nodes), max 13 copies
edge types (layer_c endpoint pair): 253 distinct: C-NP.SST--C-NP.SST=2432, C-PEP.ADORA2B--C-PEP.ADORA2B=2220, C-Thermo.RXFP1--C-Thermo.RXFP1=2218, A-LTMR.TAC3--A-LTMR.TAC3=2087, A-PEP.KIT--A-PEP.KIT=2080, A-PEP.CHRNA7_SLC18A3--A-PEP.CHRNA7_SLC18A3=1992, C-PEP.TAC1_CACNG5--C-PEP.TAC1_CACNG5=1962, ATF3--ATF3=1931, ... 245 more
gpu: on (NVIDIA GeForce RTX 5090; cuGraph 25.10.01, cuML 25.10.00); cpu workers: 16 (not bit-reproducible)
rebuilt tmp/runs/run_20261008-201032/nodes.tsv from tmp/data/pain_enriched/nodes.tsv + 366 layout column(s) carried over from the previous run (layouts now present: ['aligned', 'alignedumap_r001_1', 'alignedumap_r1_1', 'backbone_e03_1', 'backbone_e05_1', 'columns_w10_1', 'columns_w1_1', 'community_1', 'domaintouch_1', 'engine_stress_free_1', 'engine_tfdp_free_1', 'engine_tfdp_shells_1', 'engine_tfdp_sphere_1', 'enrich_GO_Biological_Process_2025_a_blend25_1', 'enrich_GO_Biological_Process_2025_a_blend50_1', 'enrich_GO_Biological_Process_2025_a_blend75_1', 'enrich_GO_Biological_Process_2025_a_funcstack_1', 'enrich_GO_Biological_Process_2025_a_height_1', 'enrich_GO_Biological_Process_2025_a_hyper_1', 'enrich_GO_Biological_Process_2025_a_magnets_1', 'enrich_GO_Biological_Process_2025_a_shells_1', 'enrich_GO_Biological_Process_2025_a_snf_1', 'enrich_GO_Biological_Process_2025_a_termcols_1', 'enrich_GO_Biological_Process_2025_a_umapand_1', 'enrich_Reactome_Pathways_2024_a_blend25_1', 'enrich_Reactome_Pathways_2024_a_blend50_1', 'enrich_Reactome_Pathways_2024_a_blend75_1', 'enrich_Reactome_Pathways_2024_a_funcstack_1', 'enrich_Reactome_Pathways_2024_a_height_1', 'enrich_Reactome_Pathways_2024_a_hyper_1', 'enrich_Reactome_Pathways_2024_a_magnets_1', 'enrich_Reactome_Pathways_2024_a_shells_1', 'enrich_Reactome_Pathways_2024_a_snf_1', 'enrich_Reactome_Pathways_2024_a_termcols_1', 'enrich_Reactome_Pathways_2024_a_umapand_1', 'enrich_all_blend25_1', 'enrich_all_blend50_1', 'enrich_all_blend75_1', 'enrich_all_funcstack_1', 'enrich_all_height_1', 'enrich_all_hyper_1', 'enrich_all_magnets_1', 'enrich_all_shells_1', 'enrich_all_snf_1', 'enrich_all_termcols_1', 'enrich_all_umapand_1', 'fa2_1', 'fa2_2', 'fa2_3', 'fa2rarity_1', 'fa2sep_1', 'fa2spectral_1', 'feature_GO_Biological_Process_2025_a_fa2_1', 'feature_GO_Biological_Process_2025_a_landscape_1', 'feature_Reactome_Pathways_2024_a_fa2_1', 'feature_Reactome_Pathways_2024_a_landscape_1', 'feature_all_fa2_1', 'feature_all_landscape_1', 'focus_core_1', 'focus_fisheye_1', 'focus_geo_1', 'focus_geobands_1', 'focus_hyp_1', 'focus_shell_1', 'focus_tree_1', 'geom_dome_1', 'geom_domes_1', 'geom_hilbertlayer_1', 'geom_mapper_1', 'geom_nested_1', 'geom_nestedlayer_1', 'geom_terrain_1', 'geom_terraintiles_1', 'graphdr_tsne_1', 'graphdr_tsne_hop3_1', 'graphdr_tsne_x4_1', 'joint_suprarwr_1', 'joint_suprarwr_w10_1', 'metapath_1', 'n2vbal_1', 'n2vbal_pacmap_1', 'n2vbal_tsne_1', 'n2vbfs_1', 'n2vdfs_pacmap_1', 'n2vred_hnne_bal_1', 'n2vred_localmap_bal_1', 'n2vred_trimap_bal_1', 'rwr_1', 'spokes_degree_1', 'spokes_degree_needle_1', 'spokes_score_1', 'stack', 'sumap_community_1', 'sumap_layer_1', 'sumap_theme_1', 'supra_w0p1_1', 'supra_w10_1', 'supra_w1_1', 'tiles_cyl2_free_curved_1', 'tiles_cyl2_free_sradial_curved_1', 'tiles_cyl3_free_1', 'tiles_cyl3_free_curved_1', 'tiles_grid_free_1', 'tiles_grid_free_gib_1', 'tiles_helix_free_1', 'tiles_hemi_free_1', 'tiles_hemi_free_curved_1', 'tiles_hemi_free_gib_1', 'tiles_hemi_free_rim_1', 'tiles_hemi_free_slift_1', 'tiles_hemi_free_sradial_1', 'tiles_meta_free_1', 'tiles_pages_free_1', 'tiles_ring_free_curved_1', 'tiles_sphere_aligned_curved_1', 'tiles_sphere_free_1', 'tiles_sphere_free_curved_1', 'tiles_sphere_free_rim_1', 'tiles_stack_aligned_1', 'tiles_stack_free_1', 'tiles_stack_half_1', 'tiles_star_free_1', 'tiles_star_free_gib_1', 'topobet_1'])
copied tmp/data/pain_enriched/edges.tsv -> tmp/runs/run_20261008-201032/edges.tsv
-> hyp_1 (Hyperbolic-radius layout (r=1-tanh(degree/beta)), layer-banded) ...
   done in 114.5s

Output: tmp/runs/run_20261008-201032/nodes.tsv  (log: tmp/runs/run_20261008-201032/layout_run_log.txt)
All 1 layout(s) that ran completed successfully.
